
> everglow@0.1.0 build
> next build

node.exe : ΓÜá Warning: 
Next.js inferred your 
workspace root, but it may 
not be correct.
At C:\Program 
Files\nodejs\npm.ps1:29 char:3
+   & $NODE_EXE $NPM_CLI_JS 
$args
+   
~~~~~~~~~~~~~~~~~~~~~~~~~~~~~
    + CategoryInfo          : 
    NotSpecified: (ΓÜá Warni  
  ng: Ne...not be correct.:   
 String) [], RemoteExcepti    
on
    + FullyQualifiedErrorId : 
    NativeCommandError
 
 We detected multiple 
lockfiles and selected the 
directory of C:\Users\benja\pa
ckage-lock.json as the root 
directory.
 To silence this warning, set 
`turbopack.root` in your 
Next.js config, or consider 
removing one of the lockfiles 
if it's not needed.
   See https://nextjs.org/docs
/app/api-reference/config/next
-config-js/turbopack#root-dire
ctory for more information.
 Detected additional 
lockfiles: 
   * C:\Users\benja\OneDrive\D
esktop\ShaunaScott\package-loc
k.json

Γû▓ Next.js 16.2.1 (Turbopack)

  Creating an optimized production build ...
Γ£ô Compiled successfully in 2.8s
  Running TypeScript ...
  Finished TypeScript in 2.5s ...
  Collecting page data using 15 workers ...
  Generating static pages using 15 workers (0/17) ...
  Generating static pages using 15 workers (4/17) 
  Generating static pages using 15 workers (8/17) 
Error occurred prerendering 
page "/". Read more: https://n
extjs.org/docs/messages/preren
der-error
TypeError: Cannot destructure 
property 'data' of '(0 , 
d.useSession)(...)' as it is 
undefined.
    at <unknown> (C:\Users\ben
ja\OneDrive\Desktop\ShaunaScot
t\.next\server\chunks\ssr\OneD
rive_Desktop_ShaunaScott_src_a
pp_page_tsx_06sxtjt._.js:8:764
0) {
  digest: '3830404731'
}
Export encountered an error 
on /page: /, exiting the 
build.
Γ¿» Next.js build worker 
exited with code: 1 and 
signal: null
